// Jest Snapshot v1, https://goo.gl/fbAQLP

exports[`Cart component GIVEN a set of valid props WHEN the component is rendered THEN should display a regular Cart 1`] = `
<ScrollView
  style={
    Object {
      "backgroundColor": "white",
      "flex": 1,
      "padding": 37.5,
    }
  }
>
  <Text
    style={
      Object {
        "fontSize": 24,
        "marginTop": 20,
        "textAlign": "center",
      }
    }
  >
    You have no products in your cart
  </Text>
</ScrollView>
`;
